// Jest Snapshot v1, https://goo.gl/fbAQLP

exports[`(Component) ModalComponent should render an ModalComponent with result 1`] = `null`;
